==========================================
Tue Aug  4 05:43:21 PM CST 2026
Job     : 234700
Node    : 25a-hgpn019
WorkDir : /home/ou721401/LLAT_polar
--- GPU ---
GPU 0: NVIDIA H200 (UUID: GPU-241d4277-36f4-f1e3-1cb9-17fe09d23874)
GPU 1: NVIDIA H200 (UUID: GPU-56598d20-bd3b-30f2-09c1-df2464642c97)
GPU 2: NVIDIA H200 (UUID: GPU-533cb8aa-6d5c-3c86-faf6-94d9e7f97205)
GPU 3: NVIDIA H200 (UUID: GPU-29338155-9dbc-2cd2-ed42-e5b8da334a07)
GPU 4: NVIDIA H200 (UUID: GPU-eb303945-8468-f7d1-75f9-a5d327260c6c)
GPU 5: NVIDIA H200 (UUID: GPU-535a6f4f-cffc-2f7a-b27d-a89c68e43a97)
GPU 6: NVIDIA H200 (UUID: GPU-112ad2a7-54d8-e048-6370-e75182dc01d3)
GPU 7: NVIDIA H200 (UUID: GPU-71df2860-3c22-b103-6ffc-4430873aaf42)
--- Python ---
CONDA_PREFIX = /home/ou721401/.conda/envs/ty
python       = /home/ou721401/.conda/envs/ty/bin/python
torch 2.5.1 | cuda True | n_gpu 8
>>> FRESH=1:強制全新訓練(忽略 無)
>>> 疊加 overlay: experiments/diag_fp32.yaml
==========================================
pytorch 2.5.1
lightning 2.6.5
Combined input: True, Standardize: True, Get stat: False
Combined input: True, Standardize: True, Get stat: True
Combined input: True, Standardize: True, Get stat: True
pytorch 2.5.1
lightning 2.6.5
Combined input: True, Standardize: True, Get stat: False
Combined input: True, Standardize: True, Get stat: True
Combined input: True, Standardize: True, Get stat: True
pytorch 2.5.1
lightning 2.6.5
Combined input: True, Standardize: True, Get stat: False
Combined input: True, Standardize: True, Get stat: True
Combined input: True, Standardize: True, Get stat: True
pytorch 2.5.1
lightning 2.6.5
Combined input: True, Standardize: True, Get stat: False
Combined input: True, Standardize: True, Get stat: True
Combined input: True, Standardize: True, Get stat: True
pytorch 2.5.1
lightning 2.6.5
Combined input: True, Standardize: True, Get stat: False
Combined input: True, Standardize: True, Get stat: True
Combined input: True, Standardize: True, Get stat: True
pytorch 2.5.1
lightning 2.6.5
Combined input: True, Standardize: True, Get stat: False
Combined input: True, Standardize: True, Get stat: True
Combined input: True, Standardize: True, Get stat: True
pytorch 2.5.1
lightning 2.6.5
Combined input: True, Standardize: True, Get stat: False
Combined input: True, Standardize: True, Get stat: True
Combined input: True, Standardize: True, Get stat: True
pytorch 2.5.1
lightning 2.6.5
Combined input: True, Standardize: True, Get stat: False
Combined input: True, Standardize: True, Get stat: True
Combined input: True, Standardize: True, Get stat: True
