==========================================
Tue Aug  4 06:00:49 PM CST 2026
Job     : 234729
Node    : 25a-hgpn009
WorkDir : /home/ou721401/LLAT_polar
RunDir  : runs/diag_fp32
--- GPU ---
GPU 0: NVIDIA H200 (UUID: GPU-2ac773b5-7422-2a17-5c76-fbb8f6d39849)
GPU 1: NVIDIA H200 (UUID: GPU-e38bf4b4-e4b5-6a38-b91e-3b8167b3a462)
GPU 2: NVIDIA H200 (UUID: GPU-a9a8d442-a21a-22e2-b9ea-c14b0179ec69)
GPU 3: NVIDIA H200 (UUID: GPU-ab54b4d9-0751-b13b-0998-d21f36387efd)
GPU 4: NVIDIA H200 (UUID: GPU-6a6060ee-bb01-d98e-272d-f75a990d3f49)
GPU 5: NVIDIA H200 (UUID: GPU-3238ca2a-e51d-1e8c-eb73-6b1ace5752d6)
GPU 6: NVIDIA H200 (UUID: GPU-17ae8272-99fe-e751-3884-c0b69d3896e8)
GPU 7: NVIDIA H200 (UUID: GPU-8a9c5aa4-7f59-3ae5-3443-3ddfd2bdf943)
--- Python ---
CONDA_PREFIX = /home/ou721401/.conda/envs/ty
python       = /home/ou721401/.conda/envs/ty/bin/python
torch 2.5.1 | cuda True | n_gpu 8
>>> 全新訓練(找不到 last.ckpt)
>>> 疊加 overlay: experiments/diag_fp32.yaml
==========================================
pytorch 2.5.1
lightning 2.6.5
Combined input: True, Standardize: True, Get stat: False
Combined input: True, Standardize: True, Get stat: True
Combined input: True, Standardize: True, Get stat: True
pytorch 2.5.1
lightning 2.6.5
Combined input: True, Standardize: True, Get stat: False
Combined input: True, Standardize: True, Get stat: True
Combined input: True, Standardize: True, Get stat: True
pytorch 2.5.1
lightning 2.6.5
Combined input: True, Standardize: True, Get stat: False
Combined input: True, Standardize: True, Get stat: True
Combined input: True, Standardize: True, Get stat: True
pytorch 2.5.1
lightning 2.6.5
Combined input: True, Standardize: True, Get stat: False
Combined input: True, Standardize: True, Get stat: True
Combined input: True, Standardize: True, Get stat: True
pytorch 2.5.1
lightning 2.6.5
Combined input: True, Standardize: True, Get stat: False
Combined input: True, Standardize: True, Get stat: True
Combined input: True, Standardize: True, Get stat: True
pytorch 2.5.1
lightning 2.6.5
Combined input: True, Standardize: True, Get stat: False
Combined input: True, Standardize: True, Get stat: True
Combined input: True, Standardize: True, Get stat: True
pytorch 2.5.1
lightning 2.6.5
Combined input: True, Standardize: True, Get stat: False
Combined input: True, Standardize: True, Get stat: True
Combined input: True, Standardize: True, Get stat: True
pytorch 2.5.1
lightning 2.6.5
Combined input: True, Standardize: True, Get stat: False
Combined input: True, Standardize: True, Get stat: True
Combined input: True, Standardize: True, Get stat: True
==========================================
Tue Aug  4 07:20:05 PM CST 2026
done
