==========================================
Tue Aug  4 11:19:24 PM CST 2026
Job     : 235100
Node    : 25a-hgpn011
WorkDir : /home/ou721401/LLAT_polar
RunDir  : runs/diag_fp16
--- GPU ---
GPU 0: NVIDIA H200 (UUID: GPU-2242ea1c-f5db-8fd2-c13f-5f4910acb8ae)
GPU 1: NVIDIA H200 (UUID: GPU-b604a457-2481-6960-0e90-37fba3c2992e)
GPU 2: NVIDIA H200 (UUID: GPU-f1910d07-2e5f-7b4d-4c53-494a45b44dcf)
GPU 3: NVIDIA H200 (UUID: GPU-fc172d71-872e-f59f-7499-aa19ec08627d)
GPU 4: NVIDIA H200 (UUID: GPU-1d9f1941-e964-fefc-cf49-2368836d50ba)
GPU 5: NVIDIA H200 (UUID: GPU-52f1a92b-2067-339a-e9d1-f354d790eef3)
GPU 6: NVIDIA H200 (UUID: GPU-0dc068f5-f7ae-0dbe-da03-01863f4ca4e3)
GPU 7: NVIDIA H200 (UUID: GPU-8535d1b6-4d0a-f7e6-cfae-12e77f100257)
--- Python ---
CONDA_PREFIX = /home/ou721401/.conda/envs/ty
python       = /home/ou721401/.conda/envs/ty/bin/python
torch 2.5.1 | cuda True | n_gpu 8
>>> 全新訓練(找不到 last.ckpt)
>>> 疊加 overlay: experiments/diag_fp16_short.yaml
==========================================
pytorch 2.5.1
lightning 2.6.5
Combined input: True, Standardize: True, Get stat: False
Combined input: True, Standardize: True, Get stat: True
Combined input: True, Standardize: True, Get stat: True
pytorch 2.5.1
lightning 2.6.5
Combined input: True, Standardize: True, Get stat: False
Combined input: True, Standardize: True, Get stat: True
Combined input: True, Standardize: True, Get stat: True
pytorch 2.5.1
lightning 2.6.5
Combined input: True, Standardize: True, Get stat: False
Combined input: True, Standardize: True, Get stat: True
Combined input: True, Standardize: True, Get stat: True
pytorch 2.5.1
lightning 2.6.5
Combined input: True, Standardize: True, Get stat: False
Combined input: True, Standardize: True, Get stat: True
Combined input: True, Standardize: True, Get stat: True
pytorch 2.5.1
lightning 2.6.5
Combined input: True, Standardize: True, Get stat: False
Combined input: True, Standardize: True, Get stat: True
Combined input: True, Standardize: True, Get stat: True
pytorch 2.5.1
lightning 2.6.5
Combined input: True, Standardize: True, Get stat: False
Combined input: True, Standardize: True, Get stat: True
Combined input: True, Standardize: True, Get stat: True
pytorch 2.5.1
lightning 2.6.5
Combined input: True, Standardize: True, Get stat: False
Combined input: True, Standardize: True, Get stat: True
Combined input: True, Standardize: True, Get stat: True
pytorch 2.5.1
lightning 2.6.5
Combined input: True, Standardize: True, Get stat: False
Combined input: True, Standardize: True, Get stat: True
Combined input: True, Standardize: True, Get stat: True
==========================================
Wed Aug  5 12:14:35 AM CST 2026
done
