==========================================
Tue Aug  4 06:02:06 PM CST 2026
Job     : 234730
Node    : 25a-hgpn010
WorkDir : /home/ou721401/LLAT_polar
RunDir  : runs/diag_lr5e-5
--- GPU ---
GPU 0: NVIDIA H200 (UUID: GPU-942d62e7-e11c-d808-e57b-a47433330192)
GPU 1: NVIDIA H200 (UUID: GPU-d7136a83-14bc-5cf1-bfe6-0c4dbfc70cf1)
GPU 2: NVIDIA H200 (UUID: GPU-2e261aee-0b39-5898-22fe-1f594320ca22)
GPU 3: NVIDIA H200 (UUID: GPU-54245402-d585-5623-6631-52c0538e3c7c)
GPU 4: NVIDIA H200 (UUID: GPU-0344201d-cf7f-0d08-8603-b3a90ba9b767)
GPU 5: NVIDIA H200 (UUID: GPU-6781aa81-247c-56cd-c62e-f9bb438c43b4)
GPU 6: NVIDIA H200 (UUID: GPU-f6fef2f4-238d-524a-4577-26962543da9b)
GPU 7: NVIDIA H200 (UUID: GPU-af442e61-d655-2d65-ebca-b844db6e06a9)
--- Python ---
CONDA_PREFIX = /home/ou721401/.conda/envs/ty
python       = /home/ou721401/.conda/envs/ty/bin/python
torch 2.5.1 | cuda True | n_gpu 8
>>> 全新訓練(找不到 last.ckpt)
>>> 疊加 overlay: experiments/diag_lr5e-5_short.yaml
==========================================
pytorch 2.5.1
lightning 2.6.5
Combined input: True, Standardize: True, Get stat: False
Combined input: True, Standardize: True, Get stat: True
Combined input: True, Standardize: True, Get stat: True
pytorch 2.5.1
lightning 2.6.5
Combined input: True, Standardize: True, Get stat: False
Combined input: True, Standardize: True, Get stat: True
Combined input: True, Standardize: True, Get stat: True
pytorch 2.5.1
lightning 2.6.5
Combined input: True, Standardize: True, Get stat: False
Combined input: True, Standardize: True, Get stat: True
Combined input: True, Standardize: True, Get stat: True
pytorch 2.5.1
lightning 2.6.5
Combined input: True, Standardize: True, Get stat: False
Combined input: True, Standardize: True, Get stat: True
Combined input: True, Standardize: True, Get stat: True
pytorch 2.5.1
lightning 2.6.5
Combined input: True, Standardize: True, Get stat: False
Combined input: True, Standardize: True, Get stat: True
Combined input: True, Standardize: True, Get stat: True
pytorch 2.5.1
lightning 2.6.5
Combined input: True, Standardize: True, Get stat: False
Combined input: True, Standardize: True, Get stat: True
Combined input: True, Standardize: True, Get stat: True
pytorch 2.5.1
lightning 2.6.5
Combined input: True, Standardize: True, Get stat: False
Combined input: True, Standardize: True, Get stat: True
Combined input: True, Standardize: True, Get stat: True
pytorch 2.5.1
lightning 2.6.5
Combined input: True, Standardize: True, Get stat: False
Combined input: True, Standardize: True, Get stat: True
Combined input: True, Standardize: True, Get stat: True
==========================================
Tue Aug  4 06:55:23 PM CST 2026
done
